2026-07-23 12:54:29,401 | ERROR    | admin.py | create_employee | Line 108 | Admin create employee page failed
2026-07-23 12:55:27,697 | ERROR    | admin.py | create_employee | Line 108 | Admin create employee page failed
2026-07-23 12:55:28,868 | ERROR    | admin.py | create_employee | Line 108 | Admin create employee page failed
2026-07-23 12:55:29,525 | ERROR    | admin.py | create_employee | Line 108 | Admin create employee page failed
2026-07-23 12:55:29,707 | ERROR    | admin.py | create_employee | Line 108 | Admin create employee page failed
2026-07-23 12:55:29,878 | ERROR    | admin.py | create_employee | Line 108 | Admin create employee page failed
2026-07-23 12:55:30,030 | ERROR    | admin.py | create_employee | Line 108 | Admin create employee page failed
2026-07-23 12:55:30,256 | ERROR    | admin.py | create_employee | Line 108 | Admin create employee page failed
2026-07-23 12:56:47,825 | ERROR    | admin.py | create_employee | Line 108 | Admin create employee page failed
2026-07-23 13:02:17,414 | ERROR    | admin.py | create_employee | Line 118 | Admin create employee page failed
2026-07-27 11:20:42,936 | ERROR    | auth.py | login | Line 106 | login post page request failed
2026-07-27 11:20:43,919 | ERROR    | auth.py | login | Line 106 | login post page request failed
2026-07-27 11:20:44,545 | ERROR    | auth.py | login | Line 106 | login post page request failed
2026-07-27 11:20:45,030 | ERROR    | auth.py | login | Line 106 | login post page request failed
2026-07-27 11:20:45,238 | ERROR    | auth.py | login | Line 106 | login post page request failed
2026-07-27 11:20:45,418 | ERROR    | auth.py | login | Line 106 | login post page request failed
2026-07-27 11:20:45,621 | ERROR    | auth.py | login | Line 106 | login post page request failed
2026-07-27 11:20:45,880 | ERROR    | auth.py | login | Line 106 | login post page request failed
2026-07-27 11:23:56,979 | ERROR    | auth.py | login | Line 106 | login post page request failed
2026-07-27 11:23:57,807 | ERROR    | auth.py | login | Line 106 | login post page request failed
2026-07-27 11:23:57,980 | ERROR    | auth.py | login | Line 106 | login post page request failed
2026-07-27 11:23:58,172 | ERROR    | auth.py | login | Line 106 | login post page request failed
2026-07-27 11:23:58,323 | ERROR    | auth.py | login | Line 106 | login post page request failed
2026-07-27 11:23:58,548 | ERROR    | auth.py | login | Line 106 | login post page request failed
2026-07-27 14:53:07,615 | ERROR    | admin.py | get_all_teams | Line 67 | Admin get all teams failed
Traceback (most recent call last):
  File "C:\Users\harsh\Desktop\AI ML DS\Fast_Api_course\SMART_SUPPORT_DESK\Backend\routers\admin.py", line 61, in get_all_teams
    return db.query(Team).all().sort("id")
           ~~~~~~~~~~~~~~~~~~~~~~~~~^^^^^^
TypeError: sort() takes no positional arguments
2026-07-27 14:53:14,933 | ERROR    | admin.py | get_all_teams | Line 67 | Admin get all teams failed
Traceback (most recent call last):
  File "C:\Users\harsh\Desktop\AI ML DS\Fast_Api_course\SMART_SUPPORT_DESK\Backend\routers\admin.py", line 61, in get_all_teams
    return db.query(Team).all().sort("id")
           ~~~~~~~~~~~~~~~~~~~~~~~~~^^^^^^
TypeError: sort() takes no positional arguments
2026-07-27 14:53:15,764 | ERROR    | admin.py | get_all_teams | Line 67 | Admin get all teams failed
Traceback (most recent call last):
  File "C:\Users\harsh\Desktop\AI ML DS\Fast_Api_course\SMART_SUPPORT_DESK\Backend\routers\admin.py", line 61, in get_all_teams
    return db.query(Team).all().sort("id")
           ~~~~~~~~~~~~~~~~~~~~~~~~~^^^^^^
TypeError: sort() takes no positional arguments
2026-07-27 17:52:02,609 | ERROR    | ticket.py | create_ticket | Line 168 | Failed to create ticket for customer_id=13: (pymysql.err.IntegrityError) (1452, 'Cannot add or update a child row: a foreign key constraint fails (`smart_support`.`tickets`, CONSTRAINT `fk_ticket_customer` FOREIGN KEY (`customer_id`) REFERENCES `users` (`id`) ON DELETE CASCADE)')
[SQL: INSERT INTO tickets (ticket_number, title, description, customer_id, team_id, assigned_to, priority, status) VALUES (%(ticket_number)s, %(title)s, %(description)s, %(customer_id)s, %(team_id)s, %(assigned_to)s, %(priority)s, %(status)s)]
[parameters: {'ticket_number': 'TKT-1009', 'title': 'internt not working', 'description': 'wifi internt not working', 'customer_id': 13, 'team_id': 2, 'assigned_to': None, 'priority': 'High', 'status': 'open'}]
(Background on this error at: https://sqlalche.me/e/20/gkpj)
Traceback (most recent call last):
  File "C:\Users\harsh\Desktop\AI ML DS\Fast_Api_course\SMART_SUPPORT_DESK\env\Lib\site-packages\sqlalchemy\engine\base.py", line 1969, in _exec_single_context
    self.dialect.do_execute(
    ~~~~~~~~~~~~~~~~~~~~~~~^
        cursor, str_statement, effective_parameters, context
        ^^^^^^^^^^^^^^^^^^^^^^^^^^^^^^^^^^^^^^^^^^^^^^^^^^^^
    )
    ^
  File "C:\Users\harsh\Desktop\AI ML DS\Fast_Api_course\SMART_SUPPORT_DESK\env\Lib\site-packages\sqlalchemy\engine\default.py", line 952, in do_execute
    cursor.execute(statement, parameters)
    ~~~~~~~~~~~~~~^^^^^^^^^^^^^^^^^^^^^^^
  File "C:\Users\harsh\Desktop\AI ML DS\Fast_Api_course\SMART_SUPPORT_DESK\env\Lib\site-packages\pymysql\cursors.py", line 159, in execute
    result = self._query(query)
  File "C:\Users\harsh\Desktop\AI ML DS\Fast_Api_course\SMART_SUPPORT_DESK\env\Lib\site-packages\pymysql\cursors.py", line 330, in _query
    conn.query(q)
    ~~~~~~~~~~^^^
  File "C:\Users\harsh\Desktop\AI ML DS\Fast_Api_course\SMART_SUPPORT_DESK\env\Lib\site-packages\pymysql\connections.py", line 582, in query
    self._affected_rows = self._read_query_result(unbuffered=unbuffered)
                          ~~~~~~~~~~~~~~~~~~~~~~~^^^^^^^^^^^^^^^^^^^^^^^
  File "C:\Users\harsh\Desktop\AI ML DS\Fast_Api_course\SMART_SUPPORT_DESK\env\Lib\site-packages\pymysql\connections.py", line 847, in _read_query_result
    result.read()
    ~~~~~~~~~~~^^
  File "C:\Users\harsh\Desktop\AI ML DS\Fast_Api_course\SMART_SUPPORT_DESK\env\Lib\site-packages\pymysql\connections.py", line 1245, in read
    first_packet = self.connection._read_packet()
  File "C:\Users\harsh\Desktop\AI ML DS\Fast_Api_course\SMART_SUPPORT_DESK\env\Lib\site-packages\pymysql\connections.py", line 803, in _read_packet
    packet.raise_for_error()
    ~~~~~~~~~~~~~~~~~~~~~~^^
  File "C:\Users\harsh\Desktop\AI ML DS\Fast_Api_course\SMART_SUPPORT_DESK\env\Lib\site-packages\pymysql\protocol.py", line 219, in raise_for_error
    err.raise_mysql_exception(self._data)
    ~~~~~~~~~~~~~~~~~~~~~~~~~^^^^^^^^^^^^
  File "C:\Users\harsh\Desktop\AI ML DS\Fast_Api_course\SMART_SUPPORT_DESK\env\Lib\site-packages\pymysql\err.py", line 154, in raise_mysql_exception
    raise errorclass(errno, errval, sqlstate=sqlstate)
pymysql.err.IntegrityError: (1452, 'Cannot add or update a child row: a foreign key constraint fails (`smart_support`.`tickets`, CONSTRAINT `fk_ticket_customer` FOREIGN KEY (`customer_id`) REFERENCES `users` (`id`) ON DELETE CASCADE)')

The above exception was the direct cause of the following exception:

Traceback (most recent call last):
  File "C:\Users\harsh\Desktop\AI ML DS\Fast_Api_course\SMART_SUPPORT_DESK\Backend\routers\ticket.py", line 155, in create_ticket
    db.commit()
    ~~~~~~~~~^^
  File "C:\Users\harsh\Desktop\AI ML DS\Fast_Api_course\SMART_SUPPORT_DESK\env\Lib\site-packages\sqlalchemy\orm\session.py", line 2035, in commit
    trans.commit(_to_root=True)
    ~~~~~~~~~~~~^^^^^^^^^^^^^^^
  File "<string>", line 2, in commit
  File "C:\Users\harsh\Desktop\AI ML DS\Fast_Api_course\SMART_SUPPORT_DESK\env\Lib\site-packages\sqlalchemy\orm\state_changes.py", line 137, in _go
    ret_value = fn(self, *arg, **kw)
  File "C:\Users\harsh\Desktop\AI ML DS\Fast_Api_course\SMART_SUPPORT_DESK\env\Lib\site-packages\sqlalchemy\orm\session.py", line 1316, in commit
    self._prepare_impl()
    ~~~~~~~~~~~~~~~~~~^^
  File "<string>", line 2, in _prepare_impl
  File "C:\Users\harsh\Desktop\AI ML DS\Fast_Api_course\SMART_SUPPORT_DESK\env\Lib\site-packages\sqlalchemy\orm\state_changes.py", line 137, in _go
    ret_value = fn(self, *arg, **kw)
  File "C:\Users\harsh\Desktop\AI ML DS\Fast_Api_course\SMART_SUPPORT_DESK\env\Lib\site-packages\sqlalchemy\orm\session.py", line 1290, in _prepare_impl
    self.session.flush()
    ~~~~~~~~~~~~~~~~~~^^
  File "C:\Users\harsh\Desktop\AI ML DS\Fast_Api_course\SMART_SUPPORT_DESK\env\Lib\site-packages\sqlalchemy\orm\session.py", line 4353, in flush
    self._flush(objects)
    ~~~~~~~~~~~^^^^^^^^^
  File "C:\Users\harsh\Desktop\AI ML DS\Fast_Api_course\SMART_SUPPORT_DESK\env\Lib\site-packages\sqlalchemy\orm\session.py", line 4488, in _flush
    with util.safe_reraise():
         ~~~~~~~~~~~~~~~~~^^
  File "C:\Users\harsh\Desktop\AI ML DS\Fast_Api_course\SMART_SUPPORT_DESK\env\Lib\site-packages\sqlalchemy\util\langhelpers.py", line 122, in __exit__
    raise exc_value.with_traceback(exc_tb)
  File "C:\Users\harsh\Desktop\AI ML DS\Fast_Api_course\SMART_SUPPORT_DESK\env\Lib\site-packages\sqlalchemy\orm\session.py", line 4449, in _flush
    flush_context.execute()
    ~~~~~~~~~~~~~~~~~~~~~^^
  File "C:\Users\harsh\Desktop\AI ML DS\Fast_Api_course\SMART_SUPPORT_DESK\env\Lib\site-packages\sqlalchemy\orm\unitofwork.py", line 465, in execute
    rec.execute(self)
    ~~~~~~~~~~~^^^^^^
  File "C:\Users\harsh\Desktop\AI ML DS\Fast_Api_course\SMART_SUPPORT_DESK\env\Lib\site-packages\sqlalchemy\orm\unitofwork.py", line 641, in execute
    util.preloaded.orm_persistence.save_obj(
    ~~~~~~~~~~~~~~~~~~~~~~~~~~~~~~~~~~~~~~~^
        self.mapper,
        ^^^^^^^^^^^^
        uow.states_for_mapper_hierarchy(self.mapper, False, False),
        ^^^^^^^^^^^^^^^^^^^^^^^^^^^^^^^^^^^^^^^^^^^^^^^^^^^^^^^^^^^
        uow,
        ^^^^
    )
    ^
  File "C:\Users\harsh\Desktop\AI ML DS\Fast_Api_course\SMART_SUPPORT_DESK\env\Lib\site-packages\sqlalchemy\orm\persistence.py", line 94, in save_obj
    _emit_insert_statements(
    ~~~~~~~~~~~~~~~~~~~~~~~^
        base_mapper,
        ^^^^^^^^^^^^
    ...<3 lines>...
        insert,
        ^^^^^^^
    )
    ^
  File "C:\Users\harsh\Desktop\AI ML DS\Fast_Api_course\SMART_SUPPORT_DESK\env\Lib\site-packages\sqlalchemy\orm\persistence.py", line 1234, in _emit_insert_statements
    result = connection.execute(
        statement,
        params,
        execution_options=execution_options,
    )
  File "C:\Users\harsh\Desktop\AI ML DS\Fast_Api_course\SMART_SUPPORT_DESK\env\Lib\site-packages\sqlalchemy\engine\base.py", line 1421, in execute
    return meth(
        self,
        distilled_parameters,
        execution_options or NO_OPTIONS,
    )
  File "C:\Users\harsh\Desktop\AI ML DS\Fast_Api_course\SMART_SUPPORT_DESK\env\Lib\site-packages\sqlalchemy\sql\elements.py", line 526, in _execute_on_connection
    return connection._execute_clauseelement(
           ~~~~~~~~~~~~~~~~~~~~~~~~~~~~~~~~~^
        self, distilled_params, execution_options
        ^^^^^^^^^^^^^^^^^^^^^^^^^^^^^^^^^^^^^^^^^
    )
    ^
  File "C:\Users\harsh\Desktop\AI ML DS\Fast_Api_course\SMART_SUPPORT_DESK\env\Lib\site-packages\sqlalchemy\engine\base.py", line 1643, in _execute_clauseelement
    ret = self._execute_context(
        dialect,
    ...<8 lines>...
        cache_hit=cache_hit,
    )
  File "C:\Users\harsh\Desktop\AI ML DS\Fast_Api_course\SMART_SUPPORT_DESK\env\Lib\site-packages\sqlalchemy\engine\base.py", line 1848, in _execute_context
    return self._exec_single_context(
           ~~~~~~~~~~~~~~~~~~~~~~~~~^
        dialect, context, statement, parameters
        ^^^^^^^^^^^^^^^^^^^^^^^^^^^^^^^^^^^^^^^
    )
    ^
  File "C:\Users\harsh\Desktop\AI ML DS\Fast_Api_course\SMART_SUPPORT_DESK\env\Lib\site-packages\sqlalchemy\engine\base.py", line 1988, in _exec_single_context
    self._handle_dbapi_exception(
    ~~~~~~~~~~~~~~~~~~~~~~~~~~~~^
        e, str_statement, effective_parameters, cursor, context
        ^^^^^^^^^^^^^^^^^^^^^^^^^^^^^^^^^^^^^^^^^^^^^^^^^^^^^^^
    )
    ^
  File "C:\Users\harsh\Desktop\AI ML DS\Fast_Api_course\SMART_SUPPORT_DESK\env\Lib\site-packages\sqlalchemy\engine\base.py", line 2365, in _handle_dbapi_exception
    raise sqlalchemy_exception.with_traceback(exc_info[2]) from e
  File "C:\Users\harsh\Desktop\AI ML DS\Fast_Api_course\SMART_SUPPORT_DESK\env\Lib\site-packages\sqlalchemy\engine\base.py", line 1969, in _exec_single_context
    self.dialect.do_execute(
    ~~~~~~~~~~~~~~~~~~~~~~~^
        cursor, str_statement, effective_parameters, context
        ^^^^^^^^^^^^^^^^^^^^^^^^^^^^^^^^^^^^^^^^^^^^^^^^^^^^
    )
    ^
  File "C:\Users\harsh\Desktop\AI ML DS\Fast_Api_course\SMART_SUPPORT_DESK\env\Lib\site-packages\sqlalchemy\engine\default.py", line 952, in do_execute
    cursor.execute(statement, parameters)
    ~~~~~~~~~~~~~~^^^^^^^^^^^^^^^^^^^^^^^
  File "C:\Users\harsh\Desktop\AI ML DS\Fast_Api_course\SMART_SUPPORT_DESK\env\Lib\site-packages\pymysql\cursors.py", line 159, in execute
    result = self._query(query)
  File "C:\Users\harsh\Desktop\AI ML DS\Fast_Api_course\SMART_SUPPORT_DESK\env\Lib\site-packages\pymysql\cursors.py", line 330, in _query
    conn.query(q)
    ~~~~~~~~~~^^^
  File "C:\Users\harsh\Desktop\AI ML DS\Fast_Api_course\SMART_SUPPORT_DESK\env\Lib\site-packages\pymysql\connections.py", line 582, in query
    self._affected_rows = self._read_query_result(unbuffered=unbuffered)
                          ~~~~~~~~~~~~~~~~~~~~~~~^^^^^^^^^^^^^^^^^^^^^^^
  File "C:\Users\harsh\Desktop\AI ML DS\Fast_Api_course\SMART_SUPPORT_DESK\env\Lib\site-packages\pymysql\connections.py", line 847, in _read_query_result
    result.read()
    ~~~~~~~~~~~^^
  File "C:\Users\harsh\Desktop\AI ML DS\Fast_Api_course\SMART_SUPPORT_DESK\env\Lib\site-packages\pymysql\connections.py", line 1245, in read
    first_packet = self.connection._read_packet()
  File "C:\Users\harsh\Desktop\AI ML DS\Fast_Api_course\SMART_SUPPORT_DESK\env\Lib\site-packages\pymysql\connections.py", line 803, in _read_packet
    packet.raise_for_error()
    ~~~~~~~~~~~~~~~~~~~~~~^^
  File "C:\Users\harsh\Desktop\AI ML DS\Fast_Api_course\SMART_SUPPORT_DESK\env\Lib\site-packages\pymysql\protocol.py", line 219, in raise_for_error
    err.raise_mysql_exception(self._data)
    ~~~~~~~~~~~~~~~~~~~~~~~~~^^^^^^^^^^^^
  File "C:\Users\harsh\Desktop\AI ML DS\Fast_Api_course\SMART_SUPPORT_DESK\env\Lib\site-packages\pymysql\err.py", line 154, in raise_mysql_exception
    raise errorclass(errno, errval, sqlstate=sqlstate)
sqlalchemy.exc.IntegrityError: (pymysql.err.IntegrityError) (1452, 'Cannot add or update a child row: a foreign key constraint fails (`smart_support`.`tickets`, CONSTRAINT `fk_ticket_customer` FOREIGN KEY (`customer_id`) REFERENCES `users` (`id`) ON DELETE CASCADE)')
[SQL: INSERT INTO tickets (ticket_number, title, description, customer_id, team_id, assigned_to, priority, status) VALUES (%(ticket_number)s, %(title)s, %(description)s, %(customer_id)s, %(team_id)s, %(assigned_to)s, %(priority)s, %(status)s)]
[parameters: {'ticket_number': 'TKT-1009', 'title': 'internt not working', 'description': 'wifi internt not working', 'customer_id': 13, 'team_id': 2, 'assigned_to': None, 'priority': 'High', 'status': 'open'}]
(Background on this error at: https://sqlalche.me/e/20/gkpj)
